---
source: toolchain/parse/src/module/import.rs
expression: ast
---
Import(
    Node(
        Import {
            source: Root,
            path: [
                "foo",
                "fizz",
            ],
            alias: Some(
                "buzz",
            ),
        },
        Range(
            Point(
                1,
                1,
            ),
            Point(
                1,
                22,
            ),
        ),
        (),
    ),
)
