---
source: toolchain/parse/src/component.rs
expression: ast
---
Component(
    Node(
        Fragment(
            [
                Component(
                    Node(
                        ClosedElement(
                            "foo",
                            [],
                        ),
                        Range(
                            Point(
                                1,
                                3,
                            ),
                            Point(
                                1,
                                9,
                            ),
                        ),
                        (),
                    ),
                ),
            ],
        ),
        Range(
            Point(
                1,
                1,
            ),
            Point(
                1,
                12,
            ),
        ),
        (),
    ),
)
