---
source: toolchain/parse/src/component.rs
expression: ast
---
Component(
    Node(
        OpenElement {
            start_tag: "foo",
            attributes: [],
            children: [
                Component(
                    Node(
                        Fragment(
                            [],
                        ),
                        Range(
                            Point(
                                1,
                                6,
                            ),
                            Point(
                                1,
                                10,
                            ),
                        ),
                        (),
                    ),
                ),
            ],
            end_tag: "foo",
        },
        Range(
            Point(
                1,
                1,
            ),
            Point(
                1,
                16,
            ),
        ),
        (),
    ),
)
