---
source: toolchain/parse/src/types/type_expression.rs
expression: ast
---
TypeExpression(
    Node(
        Primitive(
            String,
        ),
        Range(
            Point(
                1,
                1,
            ),
            Point(
                1,
                6,
            ),
        ),
        (),
    ),
)
