---
source: toolchain/parse/src/types/type_expression.rs
expression: ast
---
TypeExpression(
    Node(
        Primitive(
            Integer,
        ),
        Range(
            Point(
                1,
                1,
            ),
            Point(
                1,
                7,
            ),
        ),
        (),
    ),
)
