---
source: generator/javascript/src/transform/expression.rs
expression: ast
---
FunctionCall(
    FunctionCall(
        Identifier(
            "$knot.plugin.get",
        ),
        [
            String(
                "view",
            ),
            String(
                "createElement",
            ),
            String(
                "1.0",
            ),
        ],
    ),
    [
        Identifier(
            "Foo",
        ),
        Object(
            [
                (
                    "bar",
                    Identifier(
                        "bar",
                    ),
                ),
                (
                    "fizz",
                    Null,
                ),
            ],
        ),
    ],
)
