---
source: generator/javascript/src/transform/mod.rs
expression: ast
---
JavaScript(
    [
        Import(
            "@knot/runtime",
            [
                (
                    "$knot",
                    None,
                ),
            ],
        ),
        Variable(
            "bar",
            Null,
        ),
        Variable(
            "fizz",
            Null,
        ),
        Export(
            "fizz",
        ),
    ],
)
