---
source: toolchain/parse/src/expression/mod.rs
expression: ast
---
Expression(
    Node(
        BinaryOperation(
            Multiply,
            Expression(
                Node(
                    Primitive(
                        Nil,
                    ),
                    Range(
                        Point(
                            1,
                            1,
                        ),
                        Point(
                            1,
                            3,
                        ),
                    ),
                    (),
                ),
            ),
            Expression(
                Node(
                    Primitive(
                        Nil,
                    ),
                    Range(
                        Point(
                            1,
                            7,
                        ),
                        Point(
                            1,
                            9,
                        ),
                    ),
                    (),
                ),
            ),
        ),
        Range(
            Point(
                1,
                1,
            ),
            Point(
                1,
                9,
            ),
        ),
        (),
    ),
)
