---
source: toolchain/engine/src/engine2/plan/parse.rs
expression: module.ast
---
Program(
    Program(
        Module(
            Node(
                Module {
                    imports: [],
                    declarations: [],
                },
                Range(
                    Point(
                        1,
                        1,
                    ),
                    Point(
                        1,
                        1,
                    ),
                ),
                (),
            ),
        ),
    ),
)
